// Jest Snapshot v1, https://goo.gl/fbAQLP

exports[`Should render CreateExpenses component 1`] = `
<div>
  <h1>
    Create new expense
  </h1>
  <ExpenseForm
    onSubmit={[Function]}
  />
</div>
`;
