// Jest Snapshot v1, https://goo.gl/fbAQLP

exports[`Should render ExpenseListItem 1`] = `
<div>
  <Link
    replace={false}
    to="/update/2"
  >
    <h3>
      Black Car
    </h3>
  </Link>
  <p>
    $300.00
    -
    December, 27th 1969
  </p>
</div>
`;
