// Jest Snapshot v1, https://goo.gl/fbAQLP

exports[`Should render Header snapshot 1`] = `
<div>
  <h1>
    Expenses
  </h1>
  <NavLink
    activeClassName="is-active"
    aria-current="page"
    to="/dashboard"
  >
    Dashboard
  </NavLink>
  <NavLink
    activeClassName="is-active"
    aria-current="page"
    to="/create"
  >
    Create Expenses
  </NavLink>
  <button
    onClick={[MockFunction]}
  >
    Log out
  </button>
</div>
`;
